User1@User MINGW64 ~/Desktop/projects/React/react-test
$ npm run deploy

> react-test@0.1.0 predeploy C:\Users\User1\Desktop\projects\React\react-test
> npm run build


> react-test@0.1.0 build C:\Users\User1\Desktop\projects\React\react-test
> react-scripts build

Creating an optimized production build...
Compiled successfully.

File sizes after gzip:

  39.14 KB  build\static\js\main.fee185d3.js
  133 B     build\static\css\main.2f76c879.css

The project was built assuming it is hosted at /react-test/.
You can control this with the homepage field in your package.json.

The build folder is ready to be deployed.
To publish it at http://aapodshivalov.github.io/react-test, run:

  npm run deploy

Find out more about deployment here:

  http://bit.ly/2vY88Kr


> react-test@0.1.0 deploy C:\Users\User1\Desktop\projects\React\react-test
> gh-pages -d build

Failed to get remote.origin.url (task must either be run in a git repository with a configured origin remote or must be configured with the "repo" option).
npm ERR! code ELIFECYCLE
npm ERR! errno 1
npm ERR! react-test@0.1.0 deploy: `gh-pages -d build`
npm ERR! Exit status 1
npm ERR!
npm ERR! Failed at the react-test@0.1.0 deploy script.
npm ERR! This is probably not a problem with npm. There is likely additional logging output above.

npm ERR! A complete log of this run can be found in:
npm ERR!     C:\Users\User1\AppData\Roaming\npm-cache\_logs\2018-04-05T19_58_33_273Z-debug.log

User1@User MINGW64 ~/Desktop/projects/React/react-test
$ npm run deploy

> react-test@0.1.0 predeploy C:\Users\User1\Desktop\projects\React\react-test
> npm run build


> react-test@0.1.0 build C:\Users\User1\Desktop\projects\React\react-test
> react-scripts build

Creating an optimized production build...
Compiled successfully.

File sizes after gzip:

  39.14 KB  build\static\js\main.fee185d3.js
  133 B     build\static\css\main.2f76c879.css

The project was built assuming it is hosted at /react-test/.
You can control this with the homepage field in your package.json.

The build folder is ready to be deployed.
To publish it at http://aapodshivalov.github.io/react-test, run:

  npm run deploy

Find out more about deployment here:

  http://bit.ly/2vY88Kr


> react-test@0.1.0 deploy C:\Users\User1\Desktop\projects\React\react-test
> gh-pages -d build

Failed to get remote.origin.url (task must either be run in a git repository with a configured origin remote or must be configured with the "repo" option).
npm ERR! code ELIFECYCLE
npm ERR! errno 1
npm ERR! react-test@0.1.0 deploy: `gh-pages -d build`
npm ERR! Exit status 1
npm ERR!
npm ERR! Failed at the react-test@0.1.0 deploy script.
npm ERR! This is probably not a problem with npm. There is likely additional logging output above.

npm ERR! A complete log of this run can be found in:
npm ERR!     C:\Users\User1\AppData\Roaming\npm-cache\_logs\2018-04-05T20_04_55_704Z-debug.log

User1@User MINGW64 ~/Desktop/projects/React/react-test
$ npm run deploy

> react-test@0.1.0 predeploy C:\Users\User1\Desktop\projects\React\react-test
> npm run build


> react-test@0.1.0 build C:\Users\User1\Desktop\projects\React\react-test
> react-scripts build

Creating an optimized production build...
Compiled successfully.

File sizes after gzip:

  39.15 KB  build\static\js\main.611cebec.js
  133 B     build\static\css\main.2f76c879.css

The project was built assuming it is hosted at /aapodshivalov/react-test/.
You can control this with the homepage field in your package.json.

The build folder is ready to be deployed.

Find out more about deployment here:

  http://bit.ly/2vY88Kr


> react-test@0.1.0 deploy C:\Users\User1\Desktop\projects\React\react-test
> gh-pages -d build

Failed to get remote.origin.url (task must either be run in a git repository with a configured origin remote or must be configured with the "repo" option).
npm ERR! code ELIFECYCLE
npm ERR! errno 1
npm ERR! react-test@0.1.0 deploy: `gh-pages -d build`
npm ERR! Exit status 1
npm ERR!
npm ERR! Failed at the react-test@0.1.0 deploy script.
npm ERR! This is probably not a problem with npm. There is likely additional logging output above.

npm ERR! A complete log of this run can be found in:
npm ERR!     C:\Users\User1\AppData\Roaming\npm-cache\_logs\2018-04-05T20_06_48_752Z-debug.log

User1@User MINGW64 ~/Desktop/projects/React/react-test
$ npm run build

> react-test@0.1.0 build C:\Users\User1\Desktop\projects\React\react-test
> react-scripts build

Creating an optimized production build...
Compiled successfully.

File sizes after gzip:

  39.14 KB  build\static\js\main.fee185d3.js
  133 B     build\static\css\main.2f76c879.css

The project was built assuming it is hosted at /react-test/.
You can control this with the homepage field in your package.json.

The build folder is ready to be deployed.
To publish it at http://aapodshivalov.github.io/react-test, run:

  npm run deploy

Find out more about deployment here:

  http://bit.ly/2vY88Kr


User1@User MINGW64 ~/Desktop/projects/React/react-test
$ npm run deploy

> react-test@0.1.0 predeploy C:\Users\User1\Desktop\projects\React\react-test
> npm run build


> react-test@0.1.0 build C:\Users\User1\Desktop\projects\React\react-test
> react-scripts build

Creating an optimized production build...
Compiled successfully.

File sizes after gzip:

  39.14 KB  build\static\js\main.fee185d3.js
  133 B     build\static\css\main.2f76c879.css

The project was built assuming it is hosted at /react-test/.
You can control this with the homepage field in your package.json.

The build folder is ready to be deployed.
To publish it at http://aapodshivalov.github.io/react-test, run:

  npm run deploy

Find out more about deployment here:

  http://bit.ly/2vY88Kr


> react-test@0.1.0 deploy C:\Users\User1\Desktop\projects\React\react-test
> gh-pages -d build

Failed to get remote.origin.url (task must either be run in a git repository with a configured origin remote or must be configured with the "repo" option).
npm ERR! code ELIFECYCLE
npm ERR! errno 1
npm ERR! react-test@0.1.0 deploy: `gh-pages -d build`
npm ERR! Exit status 1
npm ERR!
npm ERR! Failed at the react-test@0.1.0 deploy script.
npm ERR! This is probably not a problem with npm. There is likely additional logging output above.

npm ERR! A complete log of this run can be found in:
npm ERR!     C:\Users\User1\AppData\Roaming\npm-cache\_logs\2018-04-05T20_09_40_172Z-debug.log

User1@User MINGW64 ~/Desktop/projects/React/react-test
$ git init
Initialized empty Git repository in C:/Users/User1/Desktop/projects/React/react-test/.git/

User1@User MINGW64 ~/Desktop/projects/React/react-test (master)
$ git add .
warning: LF will be replaced by CRLF in .gitignore.
The file will have its original line endings in your working directory.
warning: LF will be replaced by CRLF in README.md.
The file will have its original line endings in your working directory.
warning: LF will be replaced by CRLF in package-lock.json.
The file will have its original line endings in your working directory.
warning: LF will be replaced by CRLF in package.json.
The file will have its original line endings in your working directory.
warning: LF will be replaced by CRLF in public/index.html.
The file will have its original line endings in your working directory.
warning: LF will be replaced by CRLF in public/public_del/index.html.
The file will have its original line endings in your working directory.
warning: LF will be replaced by CRLF in public/public_del/manifest.json.
The file will have its original line endings in your working directory.
warning: LF will be replaced by CRLF in src/App.js.
The file will have its original line endings in your working directory.
warning: LF will be replaced by CRLF in src/data.json.
The file will have its original line endings in your working directory.
warning: LF will be replaced by CRLF in src/index.css.
The file will have its original line endings in your working directory.
warning: LF will be replaced by CRLF in src/index.js.
The file will have its original line endings in your working directory.
warning: LF will be replaced by CRLF in src/src_del/App.css.
The file will have its original line endings in your working directory.
warning: LF will be replaced by CRLF in src/src_del/App.js.
The file will have its original line endings in your working directory.
warning: LF will be replaced by CRLF in src/src_del/App.test.js.
The file will have its original line endings in your working directory.
warning: LF will be replaced by CRLF in src/src_del/data.json.
The file will have its original line endings in your working directory.
warning: LF will be replaced by CRLF in src/src_del/index.css.
The file will have its original line endings in your working directory.
warning: LF will be replaced by CRLF in src/src_del/index.js.
The file will have its original line endings in your working directory.
warning: LF will be replaced by CRLF in src/src_del/logo.svg.
The file will have its original line endings in your working directory.
warning: LF will be replaced by CRLF in src/src_del/registerServiceWorker.js.
The file will have its original line endings in your working directory.

User1@User MINGW64 ~/Desktop/projects/React/react-test (master)
$ git commit -m 'initial commit'
[master (root-commit) ee6ca0a] initial commit
 21 files changed, 15043 insertions(+)
 create mode 100644 .gitignore
 create mode 100644 README.md
 create mode 100644 package-lock.json
 create mode 100644 package.json
 create mode 100644 public/index.html
 create mode 100644 public/public_del/favicon.ico
 create mode 100644 public/public_del/index.html
 create mode 100644 public/public_del/manifest.json
 create mode 100644 src/App.js
 create mode 100644 src/data.json
 create mode 100644 src/index.css
 create mode 100644 src/index.js
 create mode 100644 src/src_del/App.css
 create mode 100644 src/src_del/App.js
 create mode 100644 src/src_del/App.test.js
 create mode 100644 src/src_del/components/table.jsx
 create mode 100644 src/src_del/data.json
 create mode 100644 src/src_del/index.css
 create mode 100644 src/src_del/index.js
 create mode 100644 src/src_del/logo.svg
 create mode 100644 src/src_del/registerServiceWorker.js

User1@User MINGW64 ~/Desktop/projects/React/react-test (master)
$ it remote add origin
bash: it: command not found

User1@User MINGW64 ~/Desktop/projects/React/react-test (master)
$ git remote add origin https://github.com/aapodshivalov/react-test.git

User1@User MINGW64 ~/Desktop/projects/React/react-test (master)
$ git push origin master
fatal: MissingMethodException encountered.
   --? -- ------: "Void System.Diagnostics.Tracing.FrameworkEventSource.BeginGetRequestStream(System.Object, System.String)".
Username for 'https://github.com': aapodshivalov
23Alex19
Counting objects: 27, done.
Delta compression using up to 4 threads.
Compressing objects: 100% (26/26), done.
Writing objects: 100% (27/27), 135.35 KiB | 1.31 MiB/s, done.
Total 27 (delta 1), reused 0 (delta 0)
remote: Resolving deltas: 100% (1/1), done.
To https://github.com/aapodshivalov/react-test.git
 * [new branch]      master -> master

User1@User MINGW64 ~/Desktop/projects/React/react-test (master)
$ 23Alex19
bash: 23Alex19: command not found

User1@User MINGW64 ~/Desktop/projects/React/react-test (master)
$ npm install --save gh-pages
npm WARN ajv-keywords@3.1.0 requires a peer of ajv@^6.0.0 but none is installed. You must install peer dependencies yourself.
npm WARN optional SKIPPING OPTIONAL DEPENDENCY: fsevents@1.1.3 (node_modules\fsevents):
npm WARN notsup SKIPPING OPTIONAL DEPENDENCY: Unsupported platform for fsevents@1.1.3: wanted {"os":"darwin","arch":"any"} (current: {"os":"win32","arch":"x64"})

+ gh-pages@1.1.0
updated 1 package in 46.538s

User1@User MINGW64 ~/Desktop/projects/React/react-test (master)
$ npm run deploy

> react-test@0.1.0 predeploy C:\Users\User1\Desktop\projects\React\react-test
> npm run build


> react-test@0.1.0 build C:\Users\User1\Desktop\projects\React\react-test
> react-scripts build

Creating an optimized production build...
Compiled successfully.

File sizes after gzip:

  39.14 KB  build\static\js\main.fee185d3.js
  133 B     build\static\css\main.2f76c879.css

The project was built assuming it is hosted at /react-test/.
You can control this with the homepage field in your package.json.

The build folder is ready to be deployed.
To publish it at http://aapodshivalov.github.io/react-test, run:

  npm run deploy

Find out more about deployment here:

  http://bit.ly/2vY88Kr


> react-test@0.1.0 deploy C:\Users\User1\Desktop\projects\React\react-test
> gh-pages -d build

error: open("README.md"): Permission denied
error: unable to index file README.md
fatal: adding files failed

npm ERR! code ELIFECYCLE
npm ERR! errno 1
npm ERR! react-test@0.1.0 deploy: `gh-pages -d build`
npm ERR! Exit status 1
npm ERR!
npm ERR! Failed at the react-test@0.1.0 deploy script.
npm ERR! This is probably not a problem with npm. There is likely additional logging output above.

npm ERR! A complete log of this run can be found in:
npm ERR!     C:\Users\User1\AppData\Roaming\npm-cache\_logs\2018-04-05T20_25_42_939Z-debug.log

User1@User MINGW64 ~/Desktop/projects/React/react-test (master)
$ npm run deploy

> react-test@0.1.0 predeploy C:\Users\User1\Desktop\projects\React\react-test
> npm run build


> react-test@0.1.0 build C:\Users\User1\Desktop\projects\React\react-test
> react-scripts build

Creating an optimized production build...
Compiled successfully.

File sizes after gzip:

  39.14 KB  build\static\js\main.fee185d3.js
  133 B     build\static\css\main.2f76c879.css

The project was built assuming it is hosted at /react-test/.
You can control this with the homepage field in your package.json.

The build folder is ready to be deployed.
To publish it at http://aapodshivalov.github.io/react-test, run:

  npm run deploy

Find out more about deployment here:

  http://bit.ly/2vY88Kr


> react-test@0.1.0 deploy C:\Users\User1\Desktop\projects\React\react-test
> gh-pages -d build

fatal: MissingMethodException encountered.
   ??? ?? ??????: "Void System.Diagnostics.Tracing.FrameworkEventSource.BeginGetResponse(System.Object, System.String)".
bash: /dev/tty: No such device or address
error: failed to execute prompt script (exit code 1)
fatal: could not read Username for 'https://github.com': No error

npm ERR! code ELIFECYCLE
npm ERR! errno 1
npm ERR! react-test@0.1.0 deploy: `gh-pages -d build`
npm ERR! Exit status 1
npm ERR!
npm ERR! Failed at the react-test@0.1.0 deploy script.
npm ERR! This is probably not a problem with npm. There is likely additional logging output above.

npm ERR! A complete log of this run can be found in:
npm ERR!     C:\Users\User1\AppData\Roaming\npm-cache\_logs\2018-04-05T20_28_25_927Z-debug.log

User1@User MINGW64 ~/Desktop/projects/React/react-test (master)
$ git init
Reinitialized existing Git repository in C:/Users/User1/Desktop/projects/React/react-test/.git/

User1@User MINGW64 ~/Desktop/projects/React/react-test (master)
$ git add .
warning: LF will be replaced by CRLF in package.json.
The file will have its original line endings in your working directory.

User1@User MINGW64 ~/Desktop/projects/React/react-test (master)
$ git commit -m 'initial commit'
[master 43bd275] initial commit
 15 files changed, 2 insertions(+), 14832 deletions(-)
 delete mode 100644 README.md
 delete mode 100644 package-lock.json
 delete mode 100644 public/public_del/favicon.ico
 delete mode 100644 public/public_del/index.html
 delete mode 100644 public/public_del/manifest.json
 delete mode 100644 src/src_del/App.css
 delete mode 100644 src/src_del/App.js
 delete mode 100644 src/src_del/App.test.js
 delete mode 100644 src/src_del/components/table.jsx
 delete mode 100644 src/src_del/data.json
 delete mode 100644 src/src_del/index.css
 delete mode 100644 src/src_del/index.js
 delete mode 100644 src/src_del/logo.svg
 delete mode 100644 src/src_del/registerServiceWorker.js

User1@User MINGW64 ~/Desktop/projects/React/react-test (master)
$ git remote add origin https://github.com/aapodshivalov/react-test.git
fatal: remote origin already exists.

User1@User MINGW64 ~/Desktop/projects/React/react-test (master)
$ git push origin master
fatal: MissingMethodException encountered.
   --? -- ------: "Void System.Diagnostics.Tracing.FrameworkEventSource.BeginGetResponse(System.Object, System.String)".
Username for 'https://github.com': aapodshivalov
Counting objects: 5, done.
Delta compression using up to 4 threads.
Compressing objects: 100% (4/4), done.
Writing objects: 100% (5/5), 487 bytes | 97.00 KiB/s, done.
Total 5 (delta 2), reused 0 (delta 0)
remote: Resolving deltas: 100% (2/2), completed with 2 local objects.
To https://github.com/aapodshivalov/react-test.git
   ee6ca0a..43bd275  master -> master

User1@User MINGW64 ~/Desktop/projects/React/react-test (master)
$ npm install --save gh-pages
npm notice created a lockfile as package-lock.json. You should commit this file.
npm WARN ajv-keywords@3.1.0 requires a peer of ajv@^6.0.0 but none is installed. You must install peer dependencies yourself.
npm WARN optional SKIPPING OPTIONAL DEPENDENCY: fsevents@1.1.3 (node_modules\fsevents):
npm WARN notsup SKIPPING OPTIONAL DEPENDENCY: Unsupported platform for fsevents@1.1.3: wanted {"os":"darwin","arch":"any"} (current: {"os":"win32","arch":"x64"})

+ gh-pages@1.1.0
updated 1 package in 56.777s

User1@User MINGW64 ~/Desktop/projects/React/react-test (master)
$ npm run deploy

> react-test@0.1.0 predeploy C:\Users\User1\Desktop\projects\React\react-test
> npm run build


> react-test@0.1.0 build C:\Users\User1\Desktop\projects\React\react-test
> react-scripts build

Creating an optimized production build...
Compiled successfully.

File sizes after gzip:

  39.14 KB  build\static\js\main.fee185d3.js
  133 B     build\static\css\main.2f76c879.css

The project was built assuming it is hosted at /react-test/.
You can control this with the homepage field in your package.json.

The build folder is ready to be deployed.
To publish it at http://aapodshivalov.github.io/react-test, run:

  npm run deploy

Find out more about deployment here:

  http://bit.ly/2vY88Kr


> react-test@0.1.0 deploy C:\Users\User1\Desktop\projects\React\react-test
> gh-pages -d build

fatal: MissingMethodException encountered.
   ??? ?? ??????: "Void System.Diagnostics.Tracing.FrameworkEventSource.BeginGetResponse(System.Object, System.String)".
bash: /dev/tty: No such device or address
error: failed to execute prompt script (exit code 1)
fatal: could not read Username for 'https://github.com': No error

npm ERR! code ELIFECYCLE
npm ERR! errno 1
npm ERR! react-test@0.1.0 deploy: `gh-pages -d build`
npm ERR! Exit status 1
npm ERR!
npm ERR! Failed at the react-test@0.1.0 deploy script.
npm ERR! This is probably not a problem with npm. There is likely additional logging output above.

npm ERR! A complete log of this run can be found in:
npm ERR!     C:\Users\User1\AppData\Roaming\npm-cache\_logs\2018-04-05T20_37_34_888Z-debug.log

User1@User MINGW64 ~/Desktop/projects/React/react-test (master)
$ npm run build

> react-test@0.1.0 build C:\Users\User1\Desktop\projects\React\react-test
> react-scripts build

Creating an optimized production build...
Compiled successfully.

File sizes after gzip:

  39.14 KB  build\static\js\main.fee185d3.js
  133 B     build\static\css\main.2f76c879.css

The project was built assuming it is hosted at /react-test/.
You can control this with the homepage field in your package.json.

The build folder is ready to be deployed.
To publish it at http://aapodshivalov.github.io/react-test, run:

  npm run deploy

Find out more about deployment here:

  http://bit.ly/2vY88Kr


User1@User MINGW64 ~/Desktop/projects/React/react-test (master)
$ npm install --save gh-pages
npm WARN ajv-keywords@3.1.0 requires a peer of ajv@^6.0.0 but none is installed. You must install peer dependencies yourself.
npm WARN optional SKIPPING OPTIONAL DEPENDENCY: fsevents@1.1.3 (node_modules\fsevents):
npm WARN notsup SKIPPING OPTIONAL DEPENDENCY: Unsupported platform for fsevents@1.1.3: wanted {"os":"darwin","arch":"any"} (current: {"os":"win32","arch":"x64"})

+ gh-pages@1.1.0
updated 1 package in 48.484s

User1@User MINGW64 ~/Desktop/projects/React/react-test (master)
$ git remote add origin https://github.com/aapodshivalov/react-test.git
fatal: remote origin already exists.

User1@User MINGW64 ~/Desktop/projects/React/react-test (master)
$ npm run deploy

> react-test@0.1.0 predeploy C:\Users\User1\Desktop\projects\React\react-test
> npm run build


> react-test@0.1.0 build C:\Users\User1\Desktop\projects\React\react-test
> react-scripts build

Creating an optimized production build...
Compiled successfully.

File sizes after gzip:

  39.14 KB  build\static\js\main.fee185d3.js
  133 B     build\static\css\main.2f76c879.css

The project was built assuming it is hosted at /react-test/.
You can control this with the homepage field in your package.json.

The build folder is ready to be deployed.
To publish it at http://aapodshivalov.github.io/react-test, run:

  npm run deploy

Find out more about deployment here:

  http://bit.ly/2vY88Kr


> react-test@0.1.0 deploy C:\Users\User1\Desktop\projects\React\react-test
> gh-pages -d build

fatal: MissingMethodException encountered.
   ??? ?? ??????: "Void System.Diagnostics.Tracing.FrameworkEventSource.BeginGetResponse(System.Object, System.String)".
bash: /dev/tty: No such device or address
error: failed to execute prompt script (exit code 1)
fatal: could not read Username for 'https://github.com': No error

npm ERR! code ELIFECYCLE
npm ERR! errno 1
npm ERR! react-test@0.1.0 deploy: `gh-pages -d build`
npm ERR! Exit status 1
npm ERR!
npm ERR! Failed at the react-test@0.1.0 deploy script.
npm ERR! This is probably not a problem with npm. There is likely additional logging output above.

npm ERR! A complete log of this run can be found in:
npm ERR!     C:\Users\User1\AppData\Roaming\npm-cache\_logs\2018-04-05T20_55_29_200Z-debug.log

User1@User MINGW64 ~/Desktop/projects/React/react-test (master)
$ git remote add origin https://github.com/aapodshivalov/git-repo.git
fatal: remote origin already exists.

User1@User MINGW64 ~/Desktop/projects/React/react-test (master)
$ git remote add origin git@github.com:aapodshivalov/git-repo.git
fatal: remote origin already exists.

User1@User MINGW64 ~/Desktop/projects/React/react-test (master)
$ npm run deploy

> react-test@0.1.0 predeploy C:\Users\User1\Desktop\projects\React\react-test
> npm run build


> react-test@0.1.0 build C:\Users\User1\Desktop\projects\React\react-test
> react-scripts build

Creating an optimized production build...
Compiled successfully.

File sizes after gzip:

  39.14 KB  build\static\js\main.fee185d3.js
  133 B     build\static\css\main.2f76c879.css

The project was built assuming it is hosted at /react-test/.
You can control this with the homepage field in your package.json.

The build folder is ready to be deployed.
To publish it at http://aapodshivalov.github.io/react-test, run:

  npm run deploy

Find out more about deployment here:

  http://bit.ly/2vY88Kr


> react-test@0.1.0 deploy C:\Users\User1\Desktop\projects\React\react-test
> gh-pages -d build

fatal: A branch named 'gh-pages' already exists.

npm ERR! code ELIFECYCLE
npm ERR! errno 1
npm ERR! react-test@0.1.0 deploy: `gh-pages -d build`
npm ERR! Exit status 1
npm ERR!
npm ERR! Failed at the react-test@0.1.0 deploy script.
npm ERR! This is probably not a problem with npm. There is likely additional logging output above.

npm ERR! A complete log of this run can be found in:
npm ERR!     C:\Users\User1\AppData\Roaming\npm-cache\_logs\2018-04-05T20_59_46_688Z-debug.log

User1@User MINGW64 ~/Desktop/projects/React/react-test (master)
$ rm -rf node_modules/gh-pages/.cache

User1@User MINGW64 ~/Desktop/projects/React/react-test (master)
$ npm run deploy

> react-test@0.1.0 predeploy C:\Users\User1\Desktop\projects\React\react-test
> npm run build


> react-test@0.1.0 build C:\Users\User1\Desktop\projects\React\react-test
> react-scripts build

Creating an optimized production build...
Compiled successfully.

File sizes after gzip:

  39.14 KB  build\static\js\main.fee185d3.js
  133 B     build\static\css\main.2f76c879.css

The project was built assuming it is hosted at /react-test/.
You can control this with the homepage field in your package.json.

The build folder is ready to be deployed.
To publish it at http://aapodshivalov.github.io/react-test, run:

  npm run deploy

Find out more about deployment here:

  http://bit.ly/2vY88Kr


> react-test@0.1.0 deploy C:\Users\User1\Desktop\projects\React\react-test
> gh-pages -d build

fatal: MissingMethodException encountered.
   ??? ?? ??????: "Void System.Diagnostics.Tracing.FrameworkEventSource.BeginGetResponse(System.Object, System.String)".
bash: /dev/tty: No such device or address
error: failed to execute prompt script (exit code 1)
fatal: could not read Username for 'https://github.com': No error

npm ERR! code ELIFECYCLE
npm ERR! errno 1
npm ERR! react-test@0.1.0 deploy: `gh-pages -d build`
npm ERR! Exit status 1
npm ERR!
npm ERR! Failed at the react-test@0.1.0 deploy script.
npm ERR! This is probably not a problem with npm. There is likely additional logging output above.

npm ERR! A complete log of this run can be found in:
npm ERR!     C:\Users\User1\AppData\Roaming\npm-cache\_logs\2018-04-05T21_02_28_543Z-debug.log

User1@User MINGW64 ~/Desktop/projects/React/react-test (master)
$ ^C

User1@User MINGW64 ~/Desktop/projects/React/react-test (master)
$ git config --global credential.helper wincred

User1@User MINGW64 ~/Desktop/projects/React/react-test (master)
$ npm run deploy

> react-test@0.1.0 predeploy C:\Users\User1\Desktop\projects\React\react-test
> npm run build


> react-test@0.1.0 build C:\Users\User1\Desktop\projects\React\react-test
> react-scripts build

Creating an optimized production build...
Compiled successfully.

File sizes after gzip:

  39.14 KB  build\static\js\main.fee185d3.js
  133 B     build\static\css\main.2f76c879.css

The project was built assuming it is hosted at /react-test/.
You can control this with the homepage field in your package.json.

The build folder is ready to be deployed.
To publish it at http://aapodshivalov.github.io/react-test, run:

  npm run deploy

Find out more about deployment here:

  http://bit.ly/2vY88Kr


> react-test@0.1.0 deploy C:\Users\User1\Desktop\projects\React\react-test
> gh-pages -d build

fatal: A branch named 'gh-pages' already exists.

npm ERR! code ELIFECYCLE
npm ERR! errno 1
npm ERR! react-test@0.1.0 deploy: `gh-pages -d build`
npm ERR! Exit status 1
npm ERR!
npm ERR! Failed at the react-test@0.1.0 deploy script.
npm ERR! This is probably not a problem with npm. There is likely additional logging output above.

npm ERR! A complete log of this run can be found in:
npm ERR!     C:\Users\User1\AppData\Roaming\npm-cache\_logs\2018-04-05T21_08_30_097Z-debug.log

User1@User MINGW64 ~/Desktop/projects/React/react-test (master)
$ rm -rf node_modules/gh-pages/.cache

User1@User MINGW64 ~/Desktop/projects/React/react-test (master)
$ npm run deploy

> react-test@0.1.0 predeploy C:\Users\User1\Desktop\projects\React\react-test
> npm run build


> react-test@0.1.0 build C:\Users\User1\Desktop\projects\React\react-test
> react-scripts build

Creating an optimized production build...
Compiled successfully.

File sizes after gzip:

  39.14 KB  build\static\js\main.fee185d3.js
  133 B     build\static\css\main.2f76c879.css

The project was built assuming it is hosted at /react-test/.
You can control this with the homepage field in your package.json.

The build folder is ready to be deployed.
To publish it at http://aapodshivalov.github.io/react-test, run:

  npm run deploy

Find out more about deployment here:

  http://bit.ly/2vY88Kr


> react-test@0.1.0 deploy C:\Users\User1\Desktop\projects\React\react-test
> gh-pages -d build

Published

User1@User MINGW64 ~/Desktop/projects/React/react-test (master)
$ ^C

User1@User MINGW64 ~/Desktop/projects/React/react-test (master)
$ git config --global credential.helper wincred^C

User1@User MINGW64 ~/Desktop/projects/React/react-test (master)
$